// Jest Snapshot v1, https://goo.gl/fbAQLP

exports[`ListItemLabel matches snapshot 1`] = `
<View
  style={
    {
      "alignItems": "flex-start",
      "flex": 1,
      "flexDirection": "column",
      "justifyContent": "space-between",
      "paddingVertical": 8,
    }
  }
>
  <Text
    adjustsFontSizeToFit={false}
    numberOfLines={2}
    style={
      [
        {
          "fontFamily": "Montserrat",
          "fontSize": 15,
          "lineHeight": 18,
        },
        {
          "color": "#333333",
        },
      ]
    }
  >
    3
     × 
    Test Item
  </Text>
  <View
    style={
      {
        "alignItems": "center",
        "flexDirection": "row",
        "gap": 8,
        "marginStart": -2,
        "opacity": 0.6,
        "paddingTop": 1,
      }
    }
  >
    <View
      style={
        {
          "alignItems": "center",
          "flexDirection": "row",
          "gap": 2,
        }
      }
    >
      <CalendarIcon
        color="#666666"
        height={14}
        width={14}
      />
      <Text
        style={
          [
            {
              "fontFamily": "Montserrat",
              "fontSize": 11,
            },
            {
              "color": "#666666",
            },
          ]
        }
      />
    </View>
  </View>
</View>
`;
